ARM Linker, 5.03 [Build 24] [MDK-ARM Lite]

==============================================================================

Section Cross References

    startup_stm32f10x_hd.o(STACK) refers (Special) to heapauxi.o(.text) for __use_two_region_memory
    startup_stm32f10x_hd.o(HEAP) refers (Special) to heapauxi.o(.text) for __use_two_region_memory
    startup_stm32f10x_hd.o(RESET) refers (Special) to heapauxi.o(.text) for __use_two_region_memory
    startup_stm32f10x_hd.o(RESET) refers to startup_stm32f10x_hd.o(STACK) for __initial_sp
    startup_stm32f10x_hd.o(RESET) refers to startup_stm32f10x_hd.o(.text) for Reset_Handler
    startup_stm32f10x_hd.o(RESET) refers to usart2.o(.text) for TIM4_IRQHandler
    startup_stm32f10x_hd.o(RESET) refers to usart.o(.text) for USART1_IRQHandler
    startup_stm32f10x_hd.o(.text) refers (Special) to heapauxi.o(.text) for __use_two_region_memory
    startup_stm32f10x_hd.o(.text) refers to __main.o(!!!main) for __main
    startup_stm32f10x_hd.o(.text) refers to startup_stm32f10x_hd.o(HEAP) for Heap_Mem
    startup_stm32f10x_hd.o(.text) refers to startup_stm32f10x_hd.o(STACK) for Stack_Mem
    main.o(.text) refers to sys.o(.text) for Stm32_Clock_Init
    main.o(.text) refers to delay.o(.text) for delay_init
    main.o(.text) refers to usart.o(.text) for uart_init
    main.o(.text) refers to init.o(.text) for InitAllDevice
    main.o(.text) refers to __2printf.o(.text) for __2printf
    main.o(.text) refers to common.o(.text) for atk_rm04_init
    delay.o(.text) refers to delay.o(.data) for fac_us
    sys.o(.text) refers to sys.o(.emb_text) for WFI_SET
    usart.o(.rev16_text) refers (Special) to use_no_semi_2.o(.text) for __use_no_semihosting
    usart.o(.revsh_text) refers (Special) to use_no_semi_2.o(.text) for __use_no_semihosting
    usart.o(.text) refers (Special) to use_no_semi_2.o(.text) for __use_no_semihosting
    usart.o(.text) refers to fflt_clz.o(x$fpl$ffltu) for __aeabi_ui2f
    usart.o(.text) refers to fdiv.o(x$fpl$fdiv) for __aeabi_fdiv
    usart.o(.text) refers to ffixu.o(x$fpl$ffixu) for __aeabi_f2uiz
    usart.o(.text) refers to faddsub_clz.o(x$fpl$frsb) for __aeabi_frsub
    usart.o(.text) refers to fmul.o(x$fpl$fmul) for __aeabi_fmul
    usart.o(.text) refers to sys.o(.text) for MY_NVIC_Init
    usart.o(.text) refers to usart.o(.data) for USART_RX_STA
    usart.o(.text) refers to usart.o(.bss) for USART_RX_BUF
    usart.o(.bss) refers (Special) to use_no_semi_2.o(.text) for __use_no_semihosting
    usart.o(.data) refers (Special) to use_no_semi_2.o(.text) for __use_no_semihosting
    usart2.o(.text) refers to sys.o(.text) for MY_NVIC_Init
    usart2.o(.text) refers to delay.o(.text) for delay_us
    usart2.o(.text) refers to __2printf.o(.text) for __2printf
    usart2.o(.text) refers to c89vsprintf.o(.text) for __c89vsprintf
    usart2.o(.text) refers to strlen.o(.text) for strlen
    usart2.o(.text) refers to usart2.o(.data) for USART2_RX_STA
    usart2.o(.text) refers to usart2.o(.bss) for USART2_RX_BUF
    common.o(.text) refers to _printf_percent.o(.ARM.Collect$$_printf_percent$$00000000) for _printf_percent
    common.o(.text) refers to _printf_s.o(.ARM.Collect$$_printf_percent$$00000014) for _printf_s
    common.o(.text) refers to _printf_str.o(.text) for _printf_str
    common.o(.text) refers to usart2.o(.text) for USART2_Init
    common.o(.text) refers to strstr.o(.text) for strstr
    common.o(.text) refers to delay.o(.text) for delay_ms
    common.o(.text) refers to __2sprintf.o(.text) for __2sprintf
    common.o(.text) refers to __2printf.o(.text) for __2printf
    common.o(.text) refers to wifista.o(.text) for atk_rm04_wifista_test
    common.o(.text) refers to usart2.o(.data) for USART2_RX_STA
    common.o(.text) refers to usart2.o(.bss) for USART2_RX_BUF
    common.o(.data) refers to common.o(.conststring) for .conststring
    wifista.o(.text) refers to _printf_percent.o(.ARM.Collect$$_printf_percent$$00000000) for _printf_percent
    wifista.o(.text) refers to _printf_s.o(.ARM.Collect$$_printf_percent$$00000014) for _printf_s
    wifista.o(.text) refers to _printf_str.o(.text) for _printf_str
    wifista.o(.text) refers to _printf_d.o(.ARM.Collect$$_printf_percent$$00000009) for _printf_d
    wifista.o(.text) refers to _printf_dec.o(.text) for _printf_int_dec
    wifista.o(.text) refers to common.o(.text) for atk_rm04_send_cmd
    wifista.o(.text) refers to __2sprintf.o(.text) for __2sprintf
    wifista.o(.text) refers to __2printf.o(.text) for __2printf
    wifista.o(.text) refers to delay.o(.text) for delay_ms
    wifista.o(.text) refers to common.o(.data) for wifista_password
    wifista.o(.text) refers to usart2.o(.data) for USART2_RX_STA
    wifista.o(.text) refers to usart2.o(.bss) for USART2_RX_BUF
    init.o(.text) refers to led.o(.text) for led_init
    use_no_semi_2.o(.text) refers (Special) to use_no_semi.o(.text) for __use_no_semihosting_swi
[...]
    ../clib/angel/kernel.s                   0x00000000   Number         0  rtentry2.o ABSOLUTE
    ../clib/angel/kernel.s                   0x00000000   Number         0  rtexit2.o ABSOLUTE
    ../clib/angel/rt.s                       0x00000000   Number         0  rt_locale_intlibspace.o ABSOLUTE
    ../clib/angel/rt.s                       0x00000000   Number         0  rt_ctype_table.o ABSOLUTE
    ../clib/angel/rt.s                       0x00000000   Number         0  rt_raise.o ABSOLUTE
    ../clib/angel/rt.s                       0x00000000   Number         0  rt_locale.o ABSOLUTE
    ../clib/angel/scatter.s                  0x00000000   Number         0  __scatter.o ABSOLUTE
    ../clib/angel/startup.s                  0x00000000   Number         0  __main.o ABSOLUTE
    ../clib/angel/sys.s                      0x00000000   Number         0  use_no_semi.o ABSOLUTE
    ../clib/angel/sys.s                      0x00000000   Number         0  libspace.o ABSOLUTE
    ../clib/angel/sys.s                      0x00000000   Number         0  use_no_semi_2.o ABSOLUTE
    ../clib/angel/sys.s                      0x00000000   Number         0  sys_stackheap_outer.o ABSOLUTE
    ../clib/angel/sys.s                      0x00000000   Number         0  indicate_semi.o ABSOLUTE
    ../clib/angel/sysapp.c                   0x00000000   Number         0  sys_command.o ABSOLUTE
    ../clib/angel/sysapp.c                   0x00000000   Number         0  sys_wrch.o ABSOLUTE
    ../clib/armsys.c                         0x00000000   Number         0  no_argv.o ABSOLUTE
    ../clib/armsys.c                         0x00000000   Number         0  argv_veneer.o ABSOLUTE
    ../clib/armsys.c                         0x00000000   Number         0  argv_veneer.o ABSOLUTE
    ../clib/armsys.c                         0x00000000   Number         0  _get_argv_nomalloc.o ABSOLUTE
    ../clib/bigflt.c                         0x00000000   Number         0  bigflt0.o ABSOLUTE
    ../clib/btod.s                           0x00000000   Number         0  btod.o ABSOLUTE
    ../clib/heapalloc.c                      0x00000000   Number         0  hrguard.o ABSOLUTE
    ../clib/heapaux.c                        0x00000000   Number         0  heapauxi.o ABSOLUTE
    ../clib/libinit.s                        0x00000000   Number         0  libinit2.o ABSOLUTE
    ../clib/libinit.s                        0x00000000   Number         0  libshutdown2.o ABSOLUTE
    ../clib/libinit.s                        0x00000000   Number         0  libinit.o ABSOLUTE
    ../clib/libinit.s                        0x00000000   Number         0  libshutdown.o ABSOLUTE
    ../clib/locale.c                         0x00000000   Number         0  _wcrtomb.o ABSOLUTE
    ../clib/locale.s                         0x00000000   Number         0  lc_ctype_c.o ABSOLUTE
    ../clib/locale.s                         0x00000000   Number         0  lc_numeric_c.o ABSOLUTE
    ../clib/longlong.s                       0x00000000   Number         0  lludiv10.o ABSOLUTE
    ../clib/memcpset.s                       0x00000000   Number         0  strcmpv7m.o ABSOLUTE
    ../clib/misc.s                           0x00000000   Number         0  printf_stubs.o ABSOLUTE
    ../clib/printf.c                         0x00000000   Number         0  _printf_fp_dec.o ABSOLUTE
    ../clib/printf.c                         0x00000000   Number         0  _printf_pad.o ABSOLUTE
    ../clib/printf.c                         0x00000000   Number         0  _printf_truncate.o ABSOLUTE
    ../clib/printf.c                         0x00000000   Number         0  _printf_intcommon.o ABSOLUTE
    ../clib/printf.c                         0x00000000   Number         0  _printf_charcount.o ABSOLUTE
    ../clib/printf.c                         0x00000000   Number         0  _printf_char_common.o ABSOLUTE
    ../clib/printf.c                         0x00000000   Number         0  _printf_fp_infnan.o ABSOLUTE
    ../clib/printf.c                         0x00000000   Number         0  _sputc.o ABSOLUTE
    ../clib/printf.c                         0x00000000   Number         0  _printf_char.o ABSOLUTE
    ../clib/printf.c                         0x00000000   Number         0  _printf_char_file.o ABSOLUTE
    ../clib/printf.c                         0x00000000   Number         0  _printf_wctomb.o ABSOLUTE
    ../clib/printf.c                         0x00000000   Number         0  _printf_longlong_dec.o ABSOLUTE
    ../clib/printf.c                         0x00000000   Number         0  _printf_oct_ll.o ABSOLUTE
    ../clib/printf.c                         0x00000000   Number         0  _printf_oct_int.o ABSOLUTE
    ../clib/printf.c                         0x00000000   Number         0  _printf_oct_int_ll.o ABSOLUTE
    ../clib/printf.c                         0x00000000   Number         0  _printf_wchar.o ABSOLUTE
    ../clib/printf.c                         0x00000000   Number         0  __printf_nopercent.o ABSOLUTE
    ../clib/printf.c                         0x00000000   Number         0  _printf_hex_ll.o ABSOLUTE
    ../clib/printf.c                         0x00000000   Number         0  _printf_hex_int.o ABSOLUTE
    ../clib/printf.c                         0x00000000   Number         0  _printf_hex_int_ll.o ABSOLUTE
    ../clib/printf.c                         0x00000000   Number         0  _printf_hex_ptr.o ABSOLUTE
    ../clib/printf.c                         0x00000000   Number         0  _printf_hex_int_ptr.o ABSOLUTE
    ../clib/printf.c                         0x00000000   Number         0  _printf_hex_ll_ptr.o ABSOLUTE
    ../clib/printf.c                         0x00000000   Number         0  _printf_hex_int_ll_ptr.o ABSOLUTE
    ../clib/printf.c                         0x00000000   Number         0  c89vsprintf.o ABSOLUTE
    ../clib/printf.c                         0x00000000   Number         0  __2printf.o ABSOLUTE
    ../clib/printf.c                         0x00000000   Number         0  __2sprintf.o ABSOLUTE
    ../clib/printf.c                         0x00000000   Number         0  noretval__2printf.o ABSOLUTE
    ../clib/printf.c                         0x00000000   Number         0  noretval__2sprintf.o ABSOLUTE
    ../clib/printf.c                         0x00000000   Number         0  __printf.o ABSOLUTE
    ../clib/printf.c                         0x00000000   Number         0  _printf_str.o ABSOLUTE
    ../clib/printf.c                         0x00000000   Number         0  _printf_dec.o ABSOLUTE
    ../clib/printf.c                         0x00000000   Number         0  __printf_flags.o ABSOLUTE
    ../clib/printf.c                         0x00000000   Number         0  __printf_ss.o ABSOLUTE
    ../clib/printf.c                         0x00000000   Number         0  __printf_flags_ss.o ABSOLUTE
    ../clib/printf.c                         0x00000000   Number         0  __printf_wp.o ABSOLUTE
    ../clib/printf.c                         0x00000000   Number         0  __printf_flags_wp.o ABSOLUTE
    ../clib/printf.c                         0x00000000   Number         0  __printf_ss_wp.o ABSOLUTE
    ../clib/printf.c                         0x00000000   Number         0  __printf_flags_ss_wp.o ABSOLUTE
    ../clib/printf_percent.s                 0x00000000   Number         0  _printf_e.o ABSOLUTE
    ../clib/printf_percent.s                 0x00000000   Number         0  _printf_l.o ABSOLUTE
    ../clib/printf_percent.s                 0x00000000   Number         0  _printf_g.o ABSOLUTE
    ../clib/printf_percent.s                 0x00000000   Number         0  _printf_ll.o ABSOLUTE
    ../clib/printf_percent.s                 0x00000000   Number         0  _printf_a.o ABSOLUTE
    ../clib/printf_percent.s                 0x00000000   Number         0  _printf_f.o ABSOLUTE
    ../clib/printf_percent.s                 0x00000000   Number         0  _printf_llu.o ABSOLUTE
    ../clib/printf_percent.s                 0x00000000   Number         0  _printf_p.o ABSOLUTE
    ../clib/printf_percent.s                 0x00000000   Number         0  _printf_x.o ABSOLUTE
    ../clib/printf_percent.s                 0x00000000   Number         0  _printf_percent_end.o ABSOLUTE
    ../clib/printf_percent.s                 0x00000000   Number         0  _printf_percent.o ABSOLUTE
    ../clib/printf_percent.s                 0x00000000   Number         0  _printf_n.o ABSOLUTE
    ../clib/printf_percent.s                 0x00000000   Number         0  _printf_lld.o ABSOLUTE
    ../clib/printf_percent.s                 0x00000000   Number         0  _printf_c.o ABSOLUTE
    ../clib/printf_percent.s                 0x00000000   Number         0  _printf_d.o ABSOLUTE
    ../clib/printf_percent.s                 0x00000000   Number         0  _printf_lc.o ABSOLUTE
    ../clib/printf_percent.s                 0x00000000   Number         0  _printf_o.o ABSOLUTE
    ../clib/printf_percent.s                 0x00000000   Number         0  _printf_s.o ABSOLUTE
    ../clib/printf_percent.s                 0x00000000   Number         0  _printf_llx.o ABSOLUTE
    ../clib/printf_percent.s                 0x00000000   Number         0  _printf_i.o ABSOLUTE
    ../clib/printf_percent.s                 0x00000000   Number         0  _printf_llo.o ABSOLUTE
    ../clib/printf_percent.s                 0x00000000   Number         0  _printf_u.o ABSOLUTE
    ../clib/printf_percent.s                 0x00000000   Number         0  _printf_ls.o ABSOLUTE
    ../clib/printf_percent.s                 0x00000000   Number         0  _printf_lli.o ABSOLUTE
    ../clib/signal.c                         0x00000000   Number         0  defsig_pvfn_inner.o ABSOLUTE
    ../clib/signal.c                         0x00000000   Number         0  defsig_segv_inner.o ABSOLUTE
    ../clib/signal.c                         0x00000000   Number         0  defsig_stak_inner.o ABSOLUTE
    ../clib/signal.c                         0x00000000   Number         0  __raise.o ABSOLUTE
    ../clib/signal.c                         0x00000000   Number         0  defsig_exit.o ABSOLUTE
    ../clib/signal.c                         0x00000000   Number         0  defsig_other.o ABSOLUTE
    ../clib/signal.c                         0x00000000   Number         0  defsig_cppl_inner.o ABSOLUTE
    ../clib/signal.c                         0x00000000   Number         0  defsig_rtmem_inner.o ABSOLUTE
    ../clib/signal.c                         0x00000000   Number         0  defsig_abrt_inner.o ABSOLUTE
    ../clib/signal.c                         0x00000000   Number         0  defsig_rtmem_formal.o ABSOLUTE
    ../clib/signal.c                         0x00000000   Number         0  defsig_fpe_inner.o ABSOLUTE
    ../clib/signal.c                         0x00000000   Number         0  defsig_rtmem_outer.o ABSOLUTE
    ../clib/signal.c                         0x00000000   Number         0  defsig_general.o ABSOLUTE
    ../clib/signal.c                         0x00000000   Number         0  defsig_rtred_inner.o ABSOLUTE
    ../clib/signal.s                         0x00000000   Number         0  defsig.o ABSOLUTE
    ../clib/stdio.c                          0x00000000   Number         0  ferror_locked.o ABSOLUTE
    ../clib/stdio.c                          0x00000000   Number         0  ferror.o ABSOLUTE
    ../clib/stdlib.c                         0x00000000   Number         0  exit.o ABSOLUTE
    ../clib/string.c                         0x00000000   Number         0  strlen.o ABSOLUTE
    ../clib/string.c                         0x00000000   Number         0  strstr.o ABSOLUTE
    ../fplib/faddsub.s                       0x00000000   Number         0  faddsub_clz.o ABSOLUTE
    ../fplib/fdiv.s                          0x00000000   Number         0  fdiv.o ABSOLUTE
    ../fplib/ffixu.s                         0x00000000   Number         0  ffixu.o ABSOLUTE
    ../fplib/fflt.s                          0x00000000   Number         0  fflt_clz.o ABSOLUTE
    ../fplib/fmul.s                          0x00000000   Number         0  fmul.o ABSOLUTE
    ../fplib/fnaninf.s                       0x00000000   Number         0  fnaninf.o ABSOLUTE
    ../fplib/fpinit.s                        0x00000000   Number         0  fpinit.o ABSOLUTE
    ../fplib/fretinf.s                       0x00000000   Number         0  fretinf.o ABSOLUTE
    ../fplib/istatus.s                       0x00000000   Number         0  istatus.o ABSOLUTE
    ../fplib/printf1.s                       0x00000000   Number         0  printf1.o ABSOLUTE
    ../fplib/usenofp.s                       0x00000000   Number         0  usenofp.o ABSOLUTE
    ../mathlib/fpclassify.c                  0x00000000   Number         0  fpclassify.o ABSOLUTE
    ..\Command\command.c                     0x00000000   Number         0  command.o ABSOLUTE
    ..\Command\task.c                        0x00000000   Number         0  task.o ABSOLUTE
    ..\\hardware\\Init\\init.c               0x00000000   Number         0  init.o ABSOLUTE
    ..\\hardware\\USART2\\usart2.c           0x00000000   Number         0  usart2.o ABSOLUTE
    ..\\hardware\\led\\LED.c                 0x00000000   Number         0  led.o ABSOLUTE
    ..\\system\\delay\\delay.c               0x00000000   Number         0  delay.o ABSOLUTE
    ..\\system\\sys\\sys.c                   0x00000000   Number         0  sys.o ABSOLUTE
    ..\\system\\usart\\usart.c               0x00000000   Number         0  usart.o ABSOLUTE
    ..\\wifi\\common.c                       0x00000000   Number         0  common.o ABSOLUTE
    ..\\wifi\\wifista.c                      0x00000000   Number         0  wifista.o ABSOLUTE
    ..\hardware\Init\init.c                  0x00000000   Number         0  init.o ABSOLUTE
    ..\hardware\USART2\usart2.c              0x00000000   Number         0  usart2.o ABSOLUTE
    ..\hardware\led\LED.c                    0x00000000   Number         0  led.o ABSOLUTE
    ..\system\delay\delay.c                  0x00000000   Number         0  delay.o ABSOLUTE
    ..\system\sys\sys.c                      0x00000000   Number         0  sys.o ABSOLUTE
    ..\system\usart\usart.c                  0x00000000   Number         0  usart.o ABSOLUTE
    ..\wifi\common.c                         0x00000000   Number         0  common.o ABSOLUTE
    ..\wifi\wifista.c                        0x00000000   Number         0  wifista.o ABSOLUTE
    dc.s                                     0x00000000   Number         0  dc.o ABSOLUTE
    main.c                                   0x00000000   Number         0  main.o ABSOLUTE
    main.c                                   0x00000000   Number         0  main.o ABSOLUTE
    startup_stm32f10x_hd.s                   0x00000000   Number         0  startup_stm32f10x_hd.o ABSOLUTE
    RESET                                    0x08000000   Section      304  startup_stm32f10x_hd.o(RESET)
    !!!main                                  0x08000130   Section        8  __main.o(!!!main)
    !!!scatter                               0x08000138   Section       52  __scatter.o(!!!scatter)
    !!handler_copy                           0x0800016c   Section       26  __scatter_copy.o(!!handler_copy)
    !!handler_zi                             0x08000188   Section       28  __scatter_zi.o(!!handler_zi)
    .ARM.Collect$$_printf_percent$$00000000  0x080001a4   Section        0  _printf_percent.o(.ARM.Collect$$_printf_percent$$00000000)
    .ARM.Collect$$_printf_percent$$00000001  0x080001a4   Section        6  _printf_n.o(.ARM.Collect$$_printf_percent$$00000001)
    .ARM.Collect$$_printf_percent$$00000002  0x080001aa   Section        6  _printf_p.o(.ARM.Collect$$_printf_percent$$00000002)
    .ARM.Collect$$_printf_percent$$00000003  0x080001b0   Section        6  _printf_f.o(.ARM.Collect$$_printf_percent$$00000003)
    .ARM.Collect$$_printf_percent$$00000004  0x080001b6   Section        6  _printf_e.o(.ARM.Collect$$_printf_percent$$00000004)
    .ARM.Collect$$_printf_percent$$00000005  0x080001bc   Section        6  _printf_g.o(.ARM.Collect$$_printf_percent$$00000005)
    .ARM.Collect$$_printf_percent$$00000006  0x080001c2   Section        6  _printf_a.o(.ARM.Collect$$_printf_percent$$00000006)
    .ARM.Collect$$_printf_percent$$00000007  0x080001c8   Section       10  _printf_ll.o(.ARM.Collect$$_printf_percent$$00000007)
    .ARM.Collect$$_printf_percent$$00000008  0x080001d2   Section        6  _printf_i.o(.ARM.Collect$$_printf_percent$$00000008)
    .ARM.Collect$$_printf_percent$$00000009  0x080001d8   Section        6  _printf_d.o(.ARM.Collect$$_printf_percent$$00000009)
    .ARM.Collect$$_printf_percent$$0000000A  0x080001de   Section        6  _printf_u.o(.ARM.Collect$$_printf_percent$$0000000A)
    .ARM.Collect$$_printf_percent$$0000000B  0x080001e4   Section        6  _printf_o.o(.ARM.Collect$$_printf_percent$$0000000B)
    .ARM.Collect$$_printf_percent$$0000000C  0x080001ea   Section        6  _printf_x.o(.ARM.Collect$$_printf_percent$$0000000C)
    .ARM.Collect$$_printf_percent$$0000000D  0x080001f0   Section        6  _printf_lli.o(.ARM.Collect$$_printf_percent$$0000000D)
    .ARM.Collect$$_printf_percent$$0000000E  0x080001f6   Section        6  _printf_lld.o(.ARM.Collect$$_printf_percent$$0000000E)
    .ARM.Collect$$_printf_percent$$0000000F  0x080001fc   Section        6  _printf_llu.o(.ARM.Collect$$_printf_percent$$0000000F)
    .ARM.Collect$$_printf_percent$$00000010  0x08000202   Section        6  _printf_llo.o(.ARM.Collect$$_printf_percent$$00000010)
    .ARM.Collect$$_printf_percent$$00000011  0x08000208   Section        6  _printf_llx.o(.ARM.Collect$$_printf_percent$$00000011)
    .ARM.Collect$$_printf_percent$$00000012  0x0800020e   Section       10  _printf_l.o(.ARM.Collect$$_printf_percent$$00000012)
    .ARM.Collect$$_printf_percent$$00000013  0x08000218   Section        6  _printf_c.o(.ARM.Collect$$_printf_percent$$00000013)
    .ARM.Collect$$_printf_percent$$00000014  0x0800021e   Section        6  _printf_s.o(.ARM.Collect$$_printf_percent$$00000014)
    .ARM.Collect$$_printf_percent$$00000015  0x08000224   Section        6  _printf_lc.o(.ARM.Collect$$_printf_percent$$00000015)
    .ARM.Collect$$_printf_percent$$00000016  0x0800022a   Section        6  _printf_ls.o(.ARM.Collect$$_printf_percent$$00000016)
    .ARM.Collect$$_printf_percent$$00000017  0x08000230   Section        4  _printf_percent_end.o(.ARM.Collect$$_printf_percent$$00000017)
    .ARM.Collect$$libinit$$00000000          0x08000234   Section        2  libinit.o(.ARM.Collect$$libinit$$00000000)
    .ARM.Collect$$libinit$$00000002          0x08000236   Section        0  libinit2.o(.ARM.Collect$$libinit$$00000002)
    .ARM.Collect$$libinit$$00000008          0x08000236   Section        0  libinit2.o(.ARM.Collect$$libinit$$00000008)
    .ARM.Collect$$libinit$$0000000A          0x08000236   Section        0  libinit2.o(.ARM.Collect$$libinit$$0000000A)
    .ARM.Collect$$libinit$$0000000C          0x08000236   Section        0  libinit2.o(.ARM.Collect$$libinit$$0000000C)
    .ARM.Collect$$libinit$$0000000D          0x08000236   Section        6  libinit2.o(.ARM.Collect$$libinit$$0000000D)
    .ARM.Collect$$libinit$$0000000F          0x0800023c   Section        0  libinit2.o(.ARM.Collect$$libinit$$0000000F)
    .ARM.Collect$$libinit$$00000010          0x0800023c   Section       12  libinit2.o(.ARM.Collect$$libinit$$00000010)
    .ARM.Collect$$libinit$$00000011          0x08000248   Section        0  libinit2.o(.ARM.Collect$$libinit$$00000011)
    .ARM.Collect$$libinit$$00000013          0x08000248   Section        0  libinit2.o(.ARM.Collect$$libinit$$00000013)
    .ARM.Collect$$libinit$$00000014          0x08000248   Section       10  libinit2.o(.ARM.Collect$$libinit$$00000014)
    .ARM.Collect$$libinit$$00000015          0x08000252   Section        0  libinit2.o(.ARM.Collect$$libinit$$00000015)
    .ARM.Collect$$libinit$$00000017          0x08000252   Section        0  libinit2.o(.ARM.Collect$$libinit$$00000017)
    .ARM.Collect$$libinit$$00000019          0x08000252   Section        0  libinit2.o(.ARM.Collect$$libinit$$00000019)
    .ARM.Collect$$libinit$$0000001B          0x08000252   Section        0  libinit2.o(.ARM.Collect$$libinit$$0000001B)
    .ARM.Collect$$libinit$$0000001D          0x08000252   Section        0  libinit2.o(.ARM.Collect$$libinit$$0000001D)
    .ARM.Collect$$libinit$$0000001F          0x08000252   Section        0  libinit2.o(.ARM.Collect$$libinit$$0000001F)
    .ARM.Collect$$libinit$$00000021          0x08000252   Section        0  libinit2.o(.ARM.Collect$$libinit$$00000021)
    .ARM.Collect$$libinit$$00000023          0x08000252   Section        0  libinit2.o(.ARM.Collect$$libinit$$00000023)
    .ARM.Collect$$libinit$$0000002A          0x08000252   Section        0  libinit2.o(.ARM.Collect$$libinit$$0000002A)
    .ARM.Collect$$libinit$$0000002C          0x08000252   Section        0  libinit2.o(.ARM.Collect$$libinit$$0000002C)
    .ARM.Collect$$libinit$$0000002E          0x08000252   Section        0  libinit2.o(.ARM.Collect$$libinit$$0000002E)
    .ARM.Collect$$libinit$$00000030          0x08000252   Section        0  libinit2.o(.ARM.Collect$$libinit$$00000030)
    .ARM.Collect$$libinit$$00000031          0x08000252   Section        2  libinit2.o(.ARM.Collect$$libinit$$00000031)
    .ARM.Collect$$libshutdown$$00000000      0x08000254   Section        2  libshutdown.o(.ARM.Collect$$libshutdown$$00000000)
    .ARM.Collect$$libshutdown$$00000003      0x08000256   Section        0  libshutdown2.o(.ARM.Collect$$libshutdown$$00000003)
    .ARM.Collect$$libshutdown$$00000006      0x08000256   Section        0  libshutdown2.o(.ARM.Collect$$libshutdown$$00000006)
    .ARM.Collect$$libshutdown$$00000009      0x08000256   Section        0  libshutdown2.o(.ARM.Collect$$libshutdown$$00000009)
    .ARM.Collect$$libshutdown$$0000000B      0x08000256   Section        0  libshutdown2.o(.ARM.Collect$$libshutdown$$0000000B)
    .ARM.Collect$$libshutdown$$0000000E      0x08000256   Section        0  libshutdown2.o(.ARM.Collect$$libshutdown$$0000000E)
    .ARM.Collect$$libshutdown$$0000000F      0x08000256   Section        2  libshutdown2.o(.ARM.Collect$$libshutdown$$0000000F)
    .ARM.Collect$$rtentry$$00000000          0x08000258   Section        0  rtentry.o(.ARM.Collect$$rtentry$$00000000)
    .ARM.Collect$$rtentry$$00000002          0x08000258   Section        0  rtentry2.o(.ARM.Collect$$rtentry$$00000002)
    .ARM.Collect$$rtentry$$00000004          0x08000258   Section        6  rtentry4.o(.ARM.Collect$$rtentry$$00000004)
    .ARM.Collect$$rtentry$$00000009          0x0800025e   Section        0  rtentry2.o(.ARM.Collect$$rtentry$$00000009)
    .ARM.Collect$$rtentry$$0000000A          0x0800025e   Section        4  rtentry2.o(.ARM.Collect$$rtentry$$0000000A)
    .ARM.Collect$$rtentry$$0000000C          0x08000262   Section        0  rtentry2.o(.ARM.Collect$$rtentry$$0000000C)
    .ARM.Collect$$rtentry$$0000000D          0x08000262   Section        8  rtentry2.o(.ARM.Collect$$rtentry$$0000000D)
    .ARM.Collect$$rtexit$$00000000           0x0800026a   Section        2  rtexit.o(.ARM.Collect$$rtexit$$00000000)
    .ARM.Collect$$rtexit$$00000002           0x0800026c   Section        0  rtexit2.o(.ARM.Collect$$rtexit$$00000002)
    .ARM.Collect$$rtexit$$00000003           0x0800026c   Section        4  rtexit2.o(.ARM.Collect$$rtexit$$00000003)
    .ARM.Collect$$rtexit$$00000004           0x08000270   Section        6  rtexit2.o(.ARM.Collect$$rtexit$$00000004)
    .emb_text                                0x08000278   Section       12  sys.o(.emb_text)
    .text                                    0x08000284   Section       56  startup_stm32f10x_hd.o(.text)
    .text                                    0x080002bc   Section        0  main.o(.text)
    .text                                    0x08000340   Section        0  delay.o(.text)
    .text                                    0x080003ec   Section        0  sys.o(.text)
    .text                                    0x080006a8   Section        0  usart.o(.text)
    .text                                    0x08000828   Section        0  led.o(.text)
    .text                                    0x0800085c   Section        0  usart2.o(.text)
    .text                                    0x08000ae8   Section        0  common.o(.text)
    .text                                    0x08000d60   Section        0  wifista.o(.text)
    .text                                    0x08001144   Section        0  init.o(.text)
    .text                                    0x0800114e   Section        2  use_no_semi_2.o(.text)
    .text                                    0x08001150   Section        0  c89vsprintf.o(.text)
    .text                                    0x08001174   Section        0  __2printf.o(.text)
    .text                                    0x0800118c   Section        0  __2sprintf.o(.text)
    .text                                    0x080011b8   Section        0  _printf_str.o(.text)
    .text                                    0x0800120c   Section        0  _printf_dec.o(.text)
    .text                                    0x08001284   Section        0  __printf_flags_ss_wp.o(.text)
    .text                                    0x08001410   Section        0  strstr.o(.text)
    .text                                    0x08001434   Section        0  strlen.o(.text)
    .text                                    0x08001472   Section        0  heapauxi.o(.text)
    .text                                    0x08001478   Section        2  use_no_semi.o(.text)
    .text                                    0x0800147a   Section        0  _printf_pad.o(.text)
    .text                                    0x080014cc   Section        0  _printf_truncate.o(.text)
    .text                                    0x080014f0   Section        0  _printf_intcommon.o(.text)
    .text                                    0x080015a8   Section        0  _printf_charcount.o(.text)
    .text                                    0x080015d4   Section        0  _printf_char_common.o(.text)
    _printf_input_char                       0x080015d5   Thumb Code    10  _printf_char_common.o(.text)
    .text                                    0x08001604   Section        0  _sputc.o(.text)
    .text                                    0x0800160e   Section        0  _printf_char.o(.text)
    .text                                    0x0800163c   Section        0  _printf_char_file.o(.text)
    .text                                    0x08001660   Section        0  _printf_wctomb.o(.text)
    .text                                    0x0800171c   Section        0  _printf_longlong_dec.o(.text)
    .text                                    0x08001794   Section        0  _printf_oct_int_ll.o(.text)
    _printf_longlong_oct_internal            0x08001795   Thumb Code     0  _printf_oct_int_ll.o(.text)
    .text                                    0x0800180c   Section        0  _printf_hex_int_ll_ptr.o(.text)
    _printf_hex_common                       0x0800180d   Thumb Code     0  _printf_hex_int_ll_ptr.o(.text)
    .text                                    0x080018a8   Section      138  lludiv10.o(.text)
    .text                                    0x08001932   Section        0  _printf_fp_dec.o(.text)
    _fp_digits                               0x08001935   Thumb Code   426  _printf_fp_dec.o(.text)
    .text                                    0x08001d52   Section        0  _printf_wchar.o(.text)
    .text                                    0x08001d7e   Section        0  ferror.o(.text)
    .text                                    0x08001d86   Section        0  _wcrtomb.o(.text)
    .text                                    0x08001dc6   Section       74  sys_stackheap_outer.o(.text)
    .text                                    0x08001e10   Section       16  rt_ctype_table.o(.text)
    .text                                    0x08001e20   Section        8  rt_locale_intlibspace.o(.text)
    .text                                    0x08001e28   Section        0  _printf_fp_infnan.o(.text)
    .text                                    0x08001ea8   Section        0  bigflt0.o(.text)
    .text                                    0x08001f8c   Section        0  exit.o(.text)
    .text                                    0x08001f98   Section        8  libspace.o(.text)
    .text                                    0x08001fa0   Section      128  strcmpv7m.o(.text)
    CL$$btod_d2e                             0x08002020   Section       62  btod.o(CL$$btod_d2e)
    CL$$btod_d2e_denorm_low                  0x0800205e   Section       70  btod.o(CL$$btod_d2e_denorm_low)
    CL$$btod_d2e_norm_op1                    0x080020a4   Section       96  btod.o(CL$$btod_d2e_norm_op1)
    CL$$btod_div_common                      0x08002104   Section      824  btod.o(CL$$btod_div_common)
    CL$$btod_e2e                             0x0800243c   Section      198  btod.o(CL$$btod_e2e)
    CL$$btod_ediv                            0x08002502   Section       40  btod.o(CL$$btod_ediv)
    CL$$btod_emul                            0x0800252a   Section       40  btod.o(CL$$btod_emul)
    CL$$btod_mult_common                     0x08002552   Section      580  btod.o(CL$$btod_mult_common)
    i.__ARM_fpclassify                       0x08002796   Section        0  fpclassify.o(i.__ARM_fpclassify)
    i._is_digit                              0x080027be   Section        0  __printf_wp.o(i._is_digit)
    locale$$code                             0x080027cc   Section       44  lc_numeric_c.o(locale$$code)
    locale$$code                             0x080027f8   Section       44  lc_ctype_c.o(locale$$code)
    x$fpl$fadd                               0x08002824   Section      196  faddsub_clz.o(x$fpl$fadd)
    _fadd1                                   0x08002833   Thumb Code     0  faddsub_clz.o(x$fpl$fadd)
    x$fpl$fdiv                               0x080028e8   Section      388  fdiv.o(x$fpl$fdiv)
    _fdiv1                                   0x080028e9   Thumb Code     0  fdiv.o(x$fpl$fdiv)
    x$fpl$ffixu                              0x08002a6c   Section       62  ffixu.o(x$fpl$ffixu)
    x$fpl$ffltu                              0x08002aac   Section       38  fflt_clz.o(x$fpl$ffltu)
    x$fpl$fmul                               0x08002ad4   Section      258  fmul.o(x$fpl$fmul)
    x$fpl$fnaninf                            0x08002bd6   Section      140  fnaninf.o(x$fpl$fnaninf)
    x$fpl$fretinf                            0x08002c62   Section       10  fretinf.o(x$fpl$fretinf)
    x$fpl$frsb                               0x08002c6c   Section       20  faddsub_clz.o(x$fpl$frsb)
    x$fpl$fsub                               0x08002c80   Section      234  faddsub_clz.o(x$fpl$fsub)
    _fsub1                                   0x08002c8f   Thumb Code     0  faddsub_clz.o(x$fpl$fsub)
    x$fpl$printf1                            0x08002d6a   Section        4  printf1.o(x$fpl$printf1)
    .constdata                               0x08002d6e   Section       17  __printf_flags_ss_wp.o(.constdata)
    x$fpl$usenofp                            0x08002d6e   Section        0  usenofp.o(x$fpl$usenofp)
    maptable                                 0x08002d6e   Data          17  __printf_flags_ss_wp.o(.constdata)
    .constdata                               0x08002d80   Section        8  _printf_wctomb.o(.constdata)
    initial_mbstate                          0x08002d80   Data           8  _printf_wctomb.o(.constdata)
    .constdata                               0x08002d88   Section       40  _printf_hex_int_ll_ptr.o(.constdata)
    uc_hextab                                0x08002d88   Data          20  _printf_hex_int_ll_ptr.o(.constdata)
    lc_hextab                                0x08002d9c   Data          20  _printf_hex_int_ll_ptr.o(.constdata)
    .constdata                               0x08002db0   Section      148  bigflt0.o(.constdata)
    tenpwrs_x                                0x08002db0   Data          60  bigflt0.o(.constdata)
    tenpwrs_i                                0x08002dec   Data          64  bigflt0.o(.constdata)
    .conststring                             0x08002e44   Section       47  common.o(.conststring)
    locale$$data                             0x08002e94   Section       28  lc_numeric_c.o(locale$$data)
    __lcnum_c_name                           0x08002e98   Data           2  lc_numeric_c.o(locale$$data)
    __lcnum_c_start                          0x08002ea0   Data           0  lc_numeric_c.o(locale$$data)
    __lcnum_c_point                          0x08002eac   Data           0  lc_numeric_c.o(locale$$data)
    __lcnum_c_thousands                      0x08002eae   Data           0  lc_numeric_c.o(locale$$data)
    __lcnum_c_grouping                       0x08002eaf   Data           0  lc_numeric_c.o(locale$$data)
    locale$$data                             0x08002eb0   Section      272  lc_ctype_c.o(locale$$data)
    __lcnum_c_end                            0x08002eb0   Data           0  lc_numeric_c.o(locale$$data)
    __lcctype_c_name                         0x08002eb4   Data           2  lc_ctype_c.o(locale$$data)
    __lcctype_c_start                        0x08002ebc   Data           0  lc_ctype_c.o(locale$$data)
    __lcctype_c_end                          0x08002fc0   Data           0  lc_ctype_c.o(locale$$data)
    .data                                    0x20000000   Section        4  delay.o(.data)
    fac_us                                   0x20000000   Data           1  delay.o(.data)
    fac_ms                                   0x20000002   Data           2  delay.o(.data)
    .data                                    0x20000004   Section        8  usart.o(.data)
    .data                                    0x2000000c   Section        2  usart2.o(.data)
    .data                                    0x20000010   Section       20  common.o(.data)
    .bss                                     0x20000024   Section      200  usart.o(.bss)
    .bss                                     0x200000f0   Section     2048  usart2.o(.bss)
    .bss                                     0x200008f0   Section       96  libspace.o(.bss)
    HEAP                                     0x20000950   Section      512  startup_stm32f10x_hd.o(HEAP)
    Heap_Mem                                 0x20000950   Data         512  startup_stm32f10x_hd.o(HEAP)
    STACK                                    0x20000b50   Section     1024  startup_stm32f10x_hd.o(STACK)
    Stack_Mem                                0x20000b50   Data        1024  startup_stm32f10x_hd.o(STACK)
    __initial_sp                             0x20000f50   Data           0  startup_stm32f10x_hd.o(STACK)

    Global Symbols

    Symbol Name                              Value     Ov Type        Size  Object(Section)

    BuildAttributes$$THM_ISAv4$P$D$K$B$S$PE$A:L22UL41UL21$X:L11$S22US41US21$IEEE1$IW$USESV6$~STKCKD$USESV7$~SHL$OTIME$ROPI$IEEEJ$EBA8$UX$STANDARDLIB$REQ8$PRES8$EABIv2 0x00000000   Number         0  anon$$obj.o ABSOLUTE
    __ARM_use_no_argv                        0x00000000   Number         0  main.o ABSOLUTE
    _printf_flags                            0x00000000   Number         0  printf_stubs.o ABSOLUTE
    _printf_return_value                     0x00000000   Number         0  printf_stubs.o ABSOLUTE
    _printf_sizespec                         0x00000000   Number         0  printf_stubs.o ABSOLUTE
    _printf_widthprec                        0x00000000   Number         0  printf_stubs.o ABSOLUTE
    __ARM_exceptions_init                     - Undefined Weak Reference
    __alloca_initialize                       - Undefined Weak Reference
    __cpp_initialize__aeabi_                  - Undefined Weak Reference
    __cxa_finalize                            - Undefined Weak Reference
    __sigvec_lookup                           - Undefined Weak Reference
    _atexit_init                              - Undefined Weak Reference
    _call_atexit_fns                          - Undefined Weak Reference
    _clock_init                               - Undefined Weak Reference
    _fp_trap_init                             - Undefined Weak Reference
    _fp_trap_shutdown                         - Undefined Weak Reference
    _get_lc_collate                           - Undefined Weak Reference
    _get_lc_monetary                          - Undefined Weak Reference
    _get_lc_time                              - Undefined Weak Reference
    _getenv_init                              - Undefined Weak Reference
    _handle_redirection                       - Undefined Weak Reference
    _init_alloc                               - Undefined Weak Reference
    _init_user_alloc                          - Undefined Weak Reference
    _initio                                   - Undefined Weak Reference
    _mutex_acquire                            - Undefined Weak Reference
    _mutex_release                            - Undefined Weak Reference
    _printf_fp_hex                            - Undefined Weak Reference
    _printf_mbtowc                            - Undefined Weak Reference
    _printf_wc                                - Undefined Weak Reference
    _rand_init                                - Undefined Weak Reference
    _signal_finish                            - Undefined Weak Reference
    _signal_init                              - Undefined Weak Reference
    _terminate_alloc                          - Undefined Weak Reference
    _terminate_user_alloc                     - Undefined Weak Reference
    _terminateio                              - Undefined Weak Reference
    __Vectors_Size                           0x00000130   Number         0  startup_stm32f10x_hd.o ABSOLUTE
    __Vectors                                0x08000000   Data           4  startup_stm32f10x_hd.o(RESET)
    __Vectors_End                            0x08000130   Data           0  startup_stm32f10x_hd.o(RESET)
    __main                                   0x08000131   Thumb Code     8  __main.o(!!!main)
    __scatterload                            0x08000139   Thumb Code     0  __scatter.o(!!!scatter)
    __scatterload_rt2                        0x08000139   Thumb Code    44  __scatter.o(!!!scatter)
    __scatterload_rt2_thumb_only             0x08000139   Thumb Code     0  __scatter.o(!!!scatter)
    __scatterload_null                       0x08000147   Thumb Code     0  __scatter.o(!!!scatter)
    __scatterload_copy                       0x0800016d   Thumb Code    26  __scatter_copy.o(!!handler_copy)
    __scatterload_zeroinit                   0x08000189   Thumb Code    28  __scatter_zi.o(!!handler_zi)
    _printf_n                                0x080001a5   Thumb Code     0  _printf_n.o(.ARM.Collect$$_printf_percent$$00000001)
    _printf_percent                          0x080001a5   Thumb Code     0  _printf_percent.o(.ARM.Collect$$_printf_percent$$00000000)
    _printf_p                                0x080001ab   Thumb Code     0  _printf_p.o(.ARM.Collect$$_printf_percent$$00000002)
    _printf_f                                0x080001b1   Thumb Code     0  _printf_f.o(.ARM.Collect$$_printf_percent$$00000003)
    _printf_e                                0x080001b7   Thumb Code     0  _printf_e.o(.ARM.Collect$$_printf_percent$$00000004)
    _printf_g                                0x080001bd   Thumb Code     0  _printf_g.o(.ARM.Collect$$_printf_percent$$00000005)
    _printf_a                                0x080001c3   Thumb Code     0  _printf_a.o(.ARM.Collect$$_printf_percent$$00000006)
    _printf_ll                               0x080001c9   Thumb Code     0  _printf_ll.o(.ARM.Collect$$_printf_percent$$00000007)
    _printf_i                                0x080001d3   Thumb Code     0  _printf_i.o(.ARM.Collect$$_printf_percent$$00000008)
    _printf_d                                0x080001d9   Thumb Code     0  _printf_d.o(.ARM.Collect$$_printf_percent$$00000009)
    _printf_u                                0x080001df   Thumb Code     0  _printf_u.o(.ARM.Collect$$_printf_percent$$0000000A)
    _printf_o                                0x080001e5   Thumb Code     0  _printf_o.o(.ARM.Collect$$_printf_percent$$0000000B)
    _printf_x                                0x080001eb   Thumb Code     0  _printf_x.o(.ARM.Collect$$_printf_percent$$0000000C)
    _printf_lli                              0x080001f1   Thumb Code     0  _printf_lli.o(.ARM.Collect$$_printf_percent$$0000000D)
    _printf_lld                              0x080001f7   Thumb Code     0  _printf_lld.o(.ARM.Collect$$_printf_percent$$0000000E)
    _printf_llu                              0x080001fd   Thumb Code     0  _printf_llu.o(.ARM.Collect$$_printf_percent$$0000000F)
    _printf_llo                              0x08000203   Thumb Code     0  _printf_llo.o(.ARM.Collect$$_printf_percent$$00000010)
    _printf_llx                              0x08000209   Thumb Code     0  _printf_llx.o(.ARM.Collect$$_printf_percent$$00000011)
    _printf_l                                0x0800020f   Thumb Code     0  _printf_l.o(.ARM.Collect$$_printf_percent$$00000012)
    _printf_c                                0x08000219   Thumb Code     0  _printf_c.o(.ARM.Collect$$_printf_percent$$00000013)
    _printf_s                                0x0800021f   Thumb Code     0  _printf_s.o(.ARM.Collect$$_printf_percent$$00000014)
    _printf_lc                               0x08000225   Thumb Code     0  _printf_lc.o(.ARM.Collect$$_printf_percent$$00000015)
    _printf_ls                               0x0800022b   Thumb Code     0  _printf_ls.o(.ARM.Collect$$_printf_percent$$00000016)
    _printf_percent_end                      0x08000231   Thumb Code     0  _printf_percent_end.o(.ARM.Collect$$_printf_percent$$00000017)
    __rt_lib_init                            0x08000235   Thumb Code     0  libinit.o(.ARM.Collect$$libinit$$00000000)
    __rt_lib_init_fp_1                       0x08000237   Thumb Code     0  libinit2.o(.ARM.Collect$$libinit$$00000002)
    __rt_lib_init_heap_1                     0x08000237   Thumb Code     0  libinit2.o(.ARM.Collect$$libinit$$00000008)
    __rt_lib_init_lc_common                  0x08000237   Thumb Code     0  libinit2.o(.ARM.Collect$$libinit$$0000000D)
    __rt_lib_init_rand_1                     0x08000237   Thumb Code     0  libinit2.o(.ARM.Collect$$libinit$$0000000C)
    __rt_lib_init_user_alloc_1               0x08000237   Thumb Code     0  libinit2.o(.ARM.Collect$$libinit$$0000000A)
    __rt_lib_init_lc_collate_1               0x0800023d   Thumb Code     0  libinit2.o(.ARM.Collect$$libinit$$0000000F)
    __rt_lib_init_lc_ctype_2                 0x0800023d   Thumb Code     0  libinit2.o(.ARM.Collect$$libinit$$00000010)
    __rt_lib_init_lc_ctype_1                 0x08000249   Thumb Code     0  libinit2.o(.ARM.Collect$$libinit$$00000011)
    __rt_lib_init_lc_monetary_1              0x08000249   Thumb Code     0  libinit2.o(.ARM.Collect$$libinit$$00000013)
    __rt_lib_init_lc_numeric_2               0x08000249   Thumb Code     0  libinit2.o(.ARM.Collect$$libinit$$00000014)
    __rt_lib_init_alloca_1                   0x08000253   Thumb Code     0  libinit2.o(.ARM.Collect$$libinit$$0000002C)
    __rt_lib_init_argv_1                     0x08000253   Thumb Code     0  libinit2.o(.ARM.Collect$$libinit$$0000002A)
    __rt_lib_init_atexit_1                   0x08000253   Thumb Code     0  libinit2.o(.ARM.Collect$$libinit$$00000019)
    __rt_lib_init_clock_1                    0x08000253   Thumb Code     0  libinit2.o(.ARM.Collect$$libinit$$0000001F)
    __rt_lib_init_cpp_1                      0x08000253   Thumb Code     0  libinit2.o(.ARM.Collect$$libinit$$00000030)
    __rt_lib_init_exceptions_1               0x08000253   Thumb Code     0  libinit2.o(.ARM.Collect$$libinit$$0000002E)
    __rt_lib_init_fp_trap_1                  0x08000253   Thumb Code     0  libinit2.o(.ARM.Collect$$libinit$$0000001D)
    __rt_lib_init_getenv_1                   0x08000253   Thumb Code     0  libinit2.o(.ARM.Collect$$libinit$$00000021)
    __rt_lib_init_lc_numeric_1               0x08000253   Thumb Code     0  libinit2.o(.ARM.Collect$$libinit$$00000015)
    __rt_lib_init_lc_time_1                  0x08000253   Thumb Code     0  libinit2.o(.ARM.Collect$$libinit$$00000017)
    __rt_lib_init_return                     0x08000253   Thumb Code     0  libinit2.o(.ARM.Collect$$libinit$$00000031)
    __rt_lib_init_signal_1                   0x08000253   Thumb Code     0  libinit2.o(.ARM.Collect$$libinit$$0000001B)
    __rt_lib_init_stdio_1                    0x08000253   Thumb Code     0  libinit2.o(.ARM.Collect$$libinit$$00000023)
    __rt_lib_shutdown                        0x08000255   Thumb Code     0  libshutdown.o(.ARM.Collect$$libshutdown$$00000000)
    __rt_lib_shutdown_fp_trap_1              0x08000257   Thumb Code     0  libshutdown2.o(.ARM.Collect$$libshutdown$$00000006)
    __rt_lib_shutdown_heap_1                 0x08000257   Thumb Code     0  libshutdown2.o(.ARM.Collect$$libshutdown$$0000000E)
    __rt_lib_shutdown_return                 0x08000257   Thumb Code     0  libshutdown2.o(.ARM.Collect$$libshutdown$$0000000F)
    __rt_lib_shutdown_signal_1               0x08000257   Thumb Code     0  libshutdown2.o(.ARM.Collect$$libshutdown$$00000009)
    __rt_lib_shutdown_stdio_1                0x08000257   Thumb Code     0  libshutdown2.o(.ARM.Collect$$libshutdown$$00000003)
    __rt_lib_shutdown_user_alloc_1           0x08000257   Thumb Code     0  libshutdown2.o(.ARM.Collect$$libshutdown$$0000000B)
    __rt_entry                               0x08000259   Thumb Code     0  rtentry.o(.ARM.Collect$$rtentry$$00000000)
    __rt_entry_presh_1                       0x08000259   Thumb Code     0  rtentry2.o(.ARM.Collect$$rtentry$$00000002)
    __rt_entry_sh                            0x08000259   Thumb Code     0  rtentry4.o(.ARM.Collect$$rtentry$$00000004)
    __rt_entry_li                            0x0800025f   Thumb Code     0  rtentry2.o(.ARM.Collect$$rtentry$$0000000A)
    __rt_entry_postsh_1                      0x0800025f   Thumb Code     0  rtentry2.o(.ARM.Collect$$rtentry$$00000009)
    __rt_entry_main                          0x08000263   Thumb Code     0  rtentry2.o(.ARM.Collect$$rtentry$$0000000D)
    __rt_entry_postli_1                      0x08000263   Thumb Code     0  rtentry2.o(.ARM.Collect$$rtentry$$0000000C)
    __rt_exit                                0x0800026b   Thumb Code     0  rtexit.o(.ARM.Collect$$rtexit$$00000000)
    __rt_exit_ls                             0x0800026d   Thumb Code     0  rtexit2.o(.ARM.Collect$$rtexit$$00000003)
    __rt_exit_prels_1                        0x0800026d   Thumb Code     0  rtexit2.o(.ARM.Collect$$rtexit$$00000002)
    __rt_exit_exit                           0x08000271   Thumb Code     0  rtexit2.o(.ARM.Collect$$rtexit$$00000004)
    WFI_SET                                  0x08000279   Thumb Code     2  sys.o(.emb_text)
    INTX_DISABLE                             0x0800027b   Thumb Code     2  sys.o(.emb_text)
    INTX_ENABLE                              0x0800027d   Thumb Code     2  sys.o(.emb_text)
    MSR_MSP                                  0x0800027f   Thumb Code     6  sys.o(.emb_text)
    Reset_Handler                            0x08000285   Thumb Code     4  startup_stm32f10x_hd.o(.text)
    NMI_Handler                              0x08000289   Thumb Code     2  startup_stm32f10x_hd.o(.text)
    HardFault_Handler                        0x0800028b   Thumb Code     2  startup_stm32f10x_hd.o(.text)
    MemManage_Handler                        0x0800028d   Thumb Code     2  startup_stm32f10x_hd.o(.text)
    BusFault_Handler                         0x0800028f   Thumb Code     2  startup_stm32f10x_hd.o(.text)
    UsageFault_Handler                       0x08000291   Thumb Code     2  startup_stm32f10x_hd.o(.text)
    SVC_Handler                              0x08000293   Thumb Code     2  startup_stm32f10x_hd.o(.text)
    DebugMon_Handler                         0x08000295   Thumb Code     2  startup_stm32f10x_hd.o(.text)
    PendSV_Handler                           0x08000297   Thumb Code     2  startup_stm32f10x_hd.o(.text)
    SysTick_Handler                          0x08000299   Thumb Code     2  startup_stm32f10x_hd.o(.text)
    ADC1_2_IRQHandler                        0x0800029b   Thumb Code     0  startup_stm32f10x_hd.o(.text)
    ADC3_IRQHandler                          0x0800029b   Thumb Code     0  startup_stm32f10x_hd.o(.text)
    CAN1_RX1_IRQHandler                      0x0800029b   Thumb Code     0  startup_stm32f10x_hd.o(.text)
    CAN1_SCE_IRQHandler                      0x0800029b   Thumb Code     0  startup_stm32f10x_hd.o(.text)
    DMA1_Channel1_IRQHandler                 0x0800029b   Thumb Code     0  startup_stm32f10x_hd.o(.text)
    DMA1_Channel2_IRQHandler                 0x0800029b   Thumb Code     0  startup_stm32f10x_hd.o(.text)
    DMA1_Channel3_IRQHandler                 0x0800029b   Thumb Code     0  startup_stm32f10x_hd.o(.text)
    DMA1_Channel4_IRQHandler                 0x0800029b   Thumb Code     0  startup_stm32f10x_hd.o(.text)
    DMA1_Channel5_IRQHandler                 0x0800029b   Thumb Code     0  startup_stm32f10x_hd.o(.text)
    DMA1_Channel6_IRQHandler                 0x0800029b   Thumb Code     0  startup_stm32f10x_hd.o(.text)
    DMA1_Channel7_IRQHandler                 0x0800029b   Thumb Code     0  startup_stm32f10x_hd.o(.text)
    DMA2_Channel1_IRQHandler                 0x0800029b   Thumb Code     0  startup_stm32f10x_hd.o(.text)
    DMA2_Channel2_IRQHandler                 0x0800029b   Thumb Code     0  startup_stm32f10x_hd.o(.text)
    DMA2_Channel3_IRQHandler                 0x0800029b   Thumb Code     0  startup_stm32f10x_hd.o(.text)
    DMA2_Channel4_5_IRQHandler               0x0800029b   Thumb Code     0  startup_stm32f10x_hd.o(.text)
    EXTI0_IRQHandler                         0x0800029b   Thumb Code     0  startup_stm32f10x_hd.o(.text)
    EXTI15_10_IRQHandler                     0x0800029b   Thumb Code     0  startup_stm32f10x_hd.o(.text)
    EXTI1_IRQHandler                         0x0800029b   Thumb Code     0  startup_stm32f10x_hd.o(.text)
    EXTI2_IRQHandler                         0x0800029b   Thumb Code     0  startup_stm32f10x_hd.o(.text)
    EXTI3_IRQHandler                         0x0800029b   Thumb Code     0  startup_stm32f10x_hd.o(.text)
    EXTI4_IRQHandler                         0x0800029b   Thumb Code     0  startup_stm32f10x_hd.o(.text)
    EXTI9_5_IRQHandler                       0x0800029b   Thumb Code     0  startup_stm32f10x_hd.o(.text)
    FLASH_IRQHandler                         0x0800029b   Thumb Code     0  startup_stm32f10x_hd.o(.text)
    FSMC_IRQHandler                          0x0800029b   Thumb Code     0  startup_stm32f10x_hd.o(.text)
    I2C1_ER_IRQHandler                       0x0800029b   Thumb Code     0  startup_stm32f10x_hd.o(.text)
    I2C1_EV_IRQHandler                       0x0800029b   Thumb Code     0  startup_stm32f10x_hd.o(.text)
    I2C2_ER_IRQHandler                       0x0800029b   Thumb Code     0  startup_stm32f10x_hd.o(.text)
    I2C2_EV_IRQHandler                       0x0800029b   Thumb Code     0  startup_stm32f10x_hd.o(.text)
    PVD_IRQHandler                           0x0800029b   Thumb Code     0  startup_stm32f10x_hd.o(.text)
    RCC_IRQHandler                           0x0800029b   Thumb Code     0  startup_stm32f10x_hd.o(.text)
    RTCAlarm_IRQHandler                      0x0800029b   Thumb Code     0  startup_stm32f10x_hd.o(.text)
    RTC_IRQHandler                           0x0800029b   Thumb Code     0  startup_stm32f10x_hd.o(.text)
    SDIO_IRQHandler                          0x0800029b   Thumb Code     0  startup_stm32f10x_hd.o(.text)
    SPI1_IRQHandler                          0x0800029b   Thumb Code     0  startup_stm32f10x_hd.o(.text)
    SPI2_IRQHandler                          0x0800029b   Thumb Code     0  startup_stm32f10x_hd.o(.text)
    SPI3_IRQHandler                          0x0800029b   Thumb Code     0  startup_stm32f10x_hd.o(.text)
    TAMPER_IRQHandler                        0x0800029b   Thumb Code     0  startup_stm32f10x_hd.o(.text)
    TIM1_BRK_IRQHandler                      0x0800029b   Thumb Code     0  startup_stm32f10x_hd.o(.text)
    TIM1_CC_IRQHandler                       0x0800029b   Thumb Code     0  startup_stm32f10x_hd.o(.text)
    TIM1_TRG_COM_IRQHandler                  0x0800029b   Thumb Code     0  startup_stm32f10x_hd.o(.text)
    TIM1_UP_IRQHandler                       0x0800029b   Thumb Code     0  startup_stm32f10x_hd.o(.text)
    TIM2_IRQHandler                          0x0800029b   Thumb Code     0  startup_stm32f10x_hd.o(.text)
    TIM3_IRQHandler                          0x0800029b   Thumb Code     0  startup_stm32f10x_hd.o(.text)
    TIM5_IRQHandler                          0x0800029b   Thumb Code     0  startup_stm32f10x_hd.o(.text)
    TIM6_IRQHandler                          0x0800029b   Thumb Code     0  startup_stm32f10x_hd.o(.text)
    TIM7_IRQHandler                          0x0800029b   Thumb Code     0  startup_stm32f10x_hd.o(.text)
    TIM8_BRK_IRQHandler                      0x0800029b   Thumb Code     0  startup_stm32f10x_hd.o(.text)
    TIM8_CC_IRQHandler                       0x0800029b   Thumb Code     0  startup_stm32f10x_hd.o(.text)
    TIM8_TRG_COM_IRQHandler                  0x0800029b   Thumb Code     0  startup_stm32f10x_hd.o(.text)
    TIM8_UP_IRQHandler                       0x0800029b   Thumb Code     0  startup_stm32f10x_hd.o(.text)
    UART4_IRQHandler                         0x0800029b   Thumb Code     0  startup_stm32f10x_hd.o(.text)
    UART5_IRQHandler                         0x0800029b   Thumb Code     0  startup_stm32f10x_hd.o(.text)
    USART3_IRQHandler                        0x0800029b   Thumb Code     0  startup_stm32f10x_hd.o(.text)
    USBWakeUp_IRQHandler                     0x0800029b   Thumb Code     0  startup_stm32f10x_hd.o(.text)
    USB_HP_CAN1_TX_IRQHandler                0x0800029b   Thumb Code     0  startup_stm32f10x_hd.o(.text)
    USB_LP_CAN1_RX0_IRQHandler               0x0800029b   Thumb Code     0  startup_stm32f10x_hd.o(.text)
    WWDG_IRQHandler                          0x0800029b   Thumb Code     0  startup_stm32f10x_hd.o(.text)
    __user_initial_stackheap                 0x0800029d   Thumb Code     0  startup_stm32f10x_hd.o(.text)
    main                                     0x080002bd   Thumb Code    74  main.o(.text)
    delay_init                               0x08000341   Thumb Code    54  delay.o(.text)
    delay_us                                 0x08000377   Thumb Code    54  delay.o(.text)
    delay_ms                                 0x080003ad   Thumb Code    54  delay.o(.text)
    MY_NVIC_SetVectorTable                   0x080003ed   Thumb Code    12  sys.o(.text)
    MY_NVIC_PriorityGroupConfig              0x080003f9   Thumb Code    36  sys.o(.text)
    MY_NVIC_Init                             0x0800041d   Thumb Code   120  sys.o(.text)
    Ex_NVIC_Config                           0x08000495   Thumb Code   144  sys.o(.text)
    MYRCC_DeInit                             0x08000525   Thumb Code    90  sys.o(.text)
    Sys_Standby                              0x0800057f   Thumb Code    68  sys.o(.text)
    Sys_Soft_Reset                           0x080005c3   Thumb Code    12  sys.o(.text)
    JTAG_Set                                 0x080005cf   Thumb Code    42  sys.o(.text)
    Stm32_Clock_Init                         0x080005f9   Thumb Code   130  sys.o(.text)
    _sys_exit                                0x080006a9   Thumb Code     6  usart.o(.text)
    fputc                                    0x080006af   Thumb Code    22  usart.o(.text)
    USART1_IRQHandler                        0x080006c5   Thumb Code   118  usart.o(.text)
    uart_init                                0x0800073b   Thumb Code   214  usart.o(.text)
    led_init                                 0x08000829   Thumb Code    44  led.o(.text)
    TIM4_Set                                 0x0800085d   Thumb Code    44  usart2.o(.text)
    USART2_IRQHandler                        0x08000889   Thumb Code    80  usart2.o(.text)
    TIM4_Init                                0x080008d9   Thumb Code    74  usart2.o(.text)
    UART_DMA_Config                          0x08000923   Thumb Code    80  usart2.o(.text)
    USART2_Init                              0x08000973   Thumb Code   190  usart2.o(.text)
    UART_DMA_Enable                          0x08000a31   Thumb Code    20  usart2.o(.text)
    u2_printf                                0x08000a45   Thumb Code    54  usart2.o(.text)
    TIM4_IRQHandler                          0x08000a7b   Thumb Code    50  usart2.o(.text)
    atk_rm04_init                            0x08000ae9   Thumb Code    58  common.o(.text)
    atk_rm04_check_cmd                       0x08000b23   Thumb Code    44  common.o(.text)
    atk_rm04_send_cmd                        0x08000b4f   Thumb Code    84  common.o(.text)
    atk_rm04_quit_trans                      0x08000ba3   Thumb Code    28  common.o(.text)
    atk_rm04_consta_check                    0x08000bbf   Thumb Code    46  common.o(.text)
    atk_rm04_get_wanip                       0x08000bed   Thumb Code    58  common.o(.text)
    atk_rm04_get_wifista_state               0x08000c27   Thumb Code    38  common.o(.text)
    atk_rm04_test                            0x08000c4d   Thumb Code    58  common.o(.text)
    atk_rm04_wifista_test                    0x08000d61   Thumb Code   426  wifista.o(.text)
    InitAllDevice                            0x08001145   Thumb Code    10  init.o(.text)
    __use_no_semihosting                     0x0800114f   Thumb Code     2  use_no_semi_2.o(.text)
    __c89vsprintf                            0x08001151   Thumb Code    32  c89vsprintf.o(.text)
    __2printf                                0x08001175   Thumb Code    20  __2printf.o(.text)
    __2sprintf                               0x0800118d   Thumb Code    38  __2sprintf.o(.text)
    _printf_str                              0x080011b9   Thumb Code    82  _printf_str.o(.text)
    _printf_int_dec                          0x0800120d   Thumb Code   102  _printf_dec.o(.text)
    __printf                                 0x08001285   Thumb Code   390  __printf_flags_ss_wp.o(.text)
    strstr                                   0x08001411   Thumb Code    36  strstr.o(.text)
    strlen                                   0x08001435   Thumb Code    62  strlen.o(.text)
    __use_two_region_memory                  0x08001473   Thumb Code     2  heapauxi.o(.text)
    __rt_heap_escrow$2region                 0x08001475   Thumb Code     2  heapauxi.o(.text)
    __rt_heap_expand$2region                 0x08001477   Thumb Code     2  heapauxi.o(.text)
    __I$use$semihosting                      0x08001479   Thumb Code     0  use_no_semi.o(.text)
    __use_no_semihosting_swi                 0x08001479   Thumb Code     2  use_no_semi.o(.text)
    _printf_pre_padding                      0x0800147b   Thumb Code    46  _printf_pad.o(.text)
    _printf_post_padding                     0x080014a9   Thumb Code    36  _printf_pad.o(.text)
    _printf_truncate_signed                  0x080014cd   Thumb Code    18  _printf_truncate.o(.text)
    _printf_truncate_unsigned                0x080014df   Thumb Code    18  _printf_truncate.o(.text)
    _printf_int_common                       0x080014f1   Thumb Code   184  _printf_intcommon.o(.text)
    _printf_charcount                        0x080015a9   Thumb Code    42  _printf_charcount.o(.text)
    _printf_char_common                      0x080015df   Thumb Code    32  _printf_char_common.o(.text)
    _sputc                                   0x08001605   Thumb Code    10  _sputc.o(.text)
    _printf_cs_common                        0x0800160f   Thumb Code    20  _printf_char.o(.text)
    _printf_char                             0x08001623   Thumb Code    16  _printf_char.o(.text)
    _printf_string                           0x08001633   Thumb Code     8  _printf_char.o(.text)
    _printf_char_file                        0x0800163d   Thumb Code    32  _printf_char_file.o(.text)
    _printf_wctomb                           0x08001661   Thumb Code   182  _printf_wctomb.o(.text)
    _printf_longlong_dec                     0x0800171d   Thumb Code   104  _printf_longlong_dec.o(.text)
    _printf_longlong_oct                     0x08001795   Thumb Code    76  _printf_oct_int_ll.o(.text)
    _printf_int_oct                          0x080017e1   Thumb Code    24  _printf_oct_int_ll.o(.text)
    _printf_ll_oct                           0x080017f9   Thumb Code    12  _printf_oct_int_ll.o(.text)
    _printf_longlong_hex                     0x0800180d   Thumb Code    92  _printf_hex_int_ll_ptr.o(.text)
    _printf_int_hex                          0x08001869   Thumb Code    28  _printf_hex_int_ll_ptr.o(.text)
    _printf_ll_hex                           0x08001885   Thumb Code    12  _printf_hex_int_ll_ptr.o(.text)
    _printf_hex_ptr                          0x08001891   Thumb Code    18  _printf_hex_int_ll_ptr.o(.text)
    _ll_udiv10                               0x080018a9   Thumb Code   138  lludiv10.o(.text)
    __lib_sel_fp_printf                      0x08001933   Thumb Code     2  _printf_fp_dec.o(.text)
    _printf_fp_dec_real                      0x08001adf   Thumb Code   628  _printf_fp_dec.o(.text)
    _printf_lcs_common                       0x08001d53   Thumb Code    20  _printf_wchar.o(.text)
    _printf_wchar                            0x08001d67   Thumb Code    16  _printf_wchar.o(.text)
    _printf_wstring                          0x08001d77   Thumb Code     8  _printf_wchar.o(.text)
    ferror                                   0x08001d7f   Thumb Code     8  ferror.o(.text)
    _wcrtomb                                 0x08001d87   Thumb Code    64  _wcrtomb.o(.text)
    __user_setup_stackheap                   0x08001dc7   Thumb Code    74  sys_stackheap_outer.o(.text)
    __rt_ctype_table                         0x08001e11   Thumb Code    16  rt_ctype_table.o(.text)
    __rt_locale                              0x08001e21   Thumb Code     8  rt_locale_intlibspace.o(.text)
    _printf_fp_infnan                        0x08001e29   Thumb Code   112  _printf_fp_infnan.o(.text)
    _btod_etento                             0x08001ea9   Thumb Code   222  bigflt0.o(.text)
    exit                                     0x08001f8d   Thumb Code    12  exit.o(.text)
    __user_libspace                          0x08001f99   Thumb Code     8  libspace.o(.text)
    __user_perproc_libspace                  0x08001f99   Thumb Code     0  libspace.o(.text)
    __user_perthread_libspace                0x08001f99   Thumb Code     0  libspace.o(.text)
    strcmp                                   0x08001fa1   Thumb Code   128  strcmpv7m.o(.text)
    _btod_d2e                                0x08002021   Thumb Code    62  btod.o(CL$$btod_d2e)
    _d2e_denorm_low                          0x0800205f   Thumb Code    70  btod.o(CL$$btod_d2e_denorm_low)
    _d2e_norm_op1                            0x080020a5   Thumb Code    96  btod.o(CL$$btod_d2e_norm_op1)
    __btod_div_common                        0x08002105   Thumb Code   696  btod.o(CL$$btod_div_common)
    _e2e                                     0x0800243d   Thumb Code   198  btod.o(CL$$btod_e2e)
    _btod_ediv                               0x08002503   Thumb Code    40  btod.o(CL$$btod_ediv)
    _btod_emul                               0x0800252b   Thumb Code    40  btod.o(CL$$btod_emul)
    __btod_mult_common                       0x08002553   Thumb Code   580  btod.o(CL$$btod_mult_common)
    __ARM_fpclassify                         0x08002797   Thumb Code    40  fpclassify.o(i.__ARM_fpclassify)
    _is_digit                                0x080027bf   Thumb Code    14  __printf_wp.o(i._is_digit)
    _get_lc_numeric                          0x080027cd   Thumb Code    44  lc_numeric_c.o(locale$$code)
    _get_lc_ctype                            0x080027f9   Thumb Code    44  lc_ctype_c.o(locale$$code)
    __aeabi_fadd                             0x08002825   Thumb Code     0  faddsub_clz.o(x$fpl$fadd)
    _fadd                                    0x08002825   Thumb Code   196  faddsub_clz.o(x$fpl$fadd)
    __aeabi_fdiv                             0x080028e9   Thumb Code     0  fdiv.o(x$fpl$fdiv)
    _fdiv                                    0x080028e9   Thumb Code   384  fdiv.o(x$fpl$fdiv)
    __aeabi_f2uiz                            0x08002a6d   Thumb Code     0  ffixu.o(x$fpl$ffixu)
    _ffixu                                   0x08002a6d   Thumb Code    62  ffixu.o(x$fpl$ffixu)
    __aeabi_ui2f                             0x08002aad   Thumb Code     0  fflt_clz.o(x$fpl$ffltu)
    _ffltu                                   0x08002aad   Thumb Code    38  fflt_clz.o(x$fpl$ffltu)
    __aeabi_fmul                             0x08002ad5   Thumb Code     0  fmul.o(x$fpl$fmul)
    _fmul                                    0x08002ad5   Thumb Code   258  fmul.o(x$fpl$fmul)
    __fpl_fnaninf                            0x08002bd7   Thumb Code   140  fnaninf.o(x$fpl$fnaninf)
    __fpl_fretinf                            0x08002c63   Thumb Code    10  fretinf.o(x$fpl$fretinf)
    __aeabi_frsub                            0x08002c6d   Thumb Code     0  faddsub_clz.o(x$fpl$frsb)
    _frsb                                    0x08002c6d   Thumb Code    20  faddsub_clz.o(x$fpl$frsb)
    __aeabi_fsub                             0x08002c81   Thumb Code     0  faddsub_clz.o(x$fpl$fsub)
    _fsub                                    0x08002c81   Thumb Code   234  faddsub_clz.o(x$fpl$fsub)
    _printf_fp_dec                           0x08002d6b   Thumb Code     4  printf1.o(x$fpl$printf1)
    __I$use$fp                               0x08002d6e   Number         0  usenofp.o(x$fpl$usenofp)
    Region$$Table$$Base                      0x08002e74   Number         0  anon$$obj.o(Region$$Table)
    Region$$Table$$Limit                     0x08002e94   Number         0  anon$$obj.o(Region$$Table)
    __ctype                                  0x08002ebd   Data           0  lc_ctype_c.o(locale$$data)
    USART_RX_STA                             0x20000004   Data           2  usart.o(.data)
    __stdout                                 0x20000008   Data           4  usart.o(.data)
    USART2_RX_STA                            0x2000000c   Data           2  usart2.o(.data)
    portnum                                  0x20000010   Data           4  common.o(.data)
    wifista_ssid                             0x20000014   Data           4  common.o(.data)
    wifista_encryption                       0x20000018   Data           4  common.o(.data)
    wifista_password                         0x2000001c   Data           4  common.o(.data)
    remoteIp                                 0x20000020   Data           4  common.o(.data)
    USART_RX_BUF                             0x20000024   Data         200  usart.o(.bss)
    USART2_TX_BUF                            0x200000f0   Data        1024  usart2.o(.bss)
    USART2_RX_BUF                            0x200004f0   Data        1024  usart2.o(.bss)
    __libspace_start                         0x200008f0   Data          96  libspace.o(.bss)
    __temporary_stack_top$libspace           0x20000950   Data           0  libspace.o(.bss)



==============================================================================

Memory Map of the image

  Image Entry point : 0x08000285

  Load Region LR_1 (Base: 0x08000000, Size: 0x00002fe4, Max: 0xffffffff, ABSOLUTE)

    Execution Region ER_RO (Base: 0x08000000, Size: 0x00002fc0, Max: 0xffffffff, ABSOLUTE)

    Base Addr    Size         Type   Attr      Idx    E Section Name        Object

    0x08000000   0x00000130   Data   RO            3    RESET               startup_stm32f10x_hd.o
    0x08000130   0x00000008   Code   RO          339  * !!!main             c_w.l(__main.o)
    0x08000138   0x00000034   Code   RO          649    !!!scatter          c_w.l(__scatter.o)
    0x0800016c   0x0000001a   Code   RO          651    !!handler_copy      c_w.l(__scatter_copy.o)
    0x08000186   0x00000002   PAD
    0x08000188   0x0000001c   Code   RO          653    !!handler_zi        c_w.l(__scatter_zi.o)
    0x080001a4   0x00000000   Code   RO          332    .ARM.Collect$$_printf_percent$$00000000  c_w.l(_printf_percent.o)
    0x080001a4   0x00000006   Code   RO          415    .ARM.Collect$$_printf_percent$$00000001  c_w.l(_printf_n.o)
    0x080001aa   0x00000006   Code   RO          417    .ARM.Collect$$_printf_percent$$00000002  c_w.l(_printf_p.o)
    0x080001b0   0x00000006   Code   RO          421    .ARM.Collect$$_printf_percent$$00000003  c_w.l(_printf_f.o)
    0x080001b6   0x00000006   Code   RO          422    .ARM.Collect$$_printf_percent$$00000004  c_w.l(_printf_e.o)
    0x080001bc   0x00000006   Code   RO          423    .ARM.Collect$$_printf_percent$$00000005  c_w.l(_printf_g.o)
    0x080001c2   0x00000006   Code   RO          424    .ARM.Collect$$_printf_percent$$00000006  c_w.l(_printf_a.o)
    0x080001c8   0x0000000a   Code   RO          429    .ARM.Collect$$_printf_percent$$00000007  c_w.l(_printf_ll.o)
    0x080001d2   0x00000006   Code   RO          419    .ARM.Collect$$_printf_percent$$00000008  c_w.l(_printf_i.o)
    0x080001d8   0x00000006   Code   RO          331    .ARM.Collect$$_printf_percent$$00000009  c_w.l(_printf_d.o)
    0x080001de   0x00000006   Code   RO          420    .ARM.Collect$$_printf_percent$$0000000A  c_w.l(_printf_u.o)
    0x080001e4   0x00000006   Code   RO          418    .ARM.Collect$$_printf_percent$$0000000B  c_w.l(_printf_o.o)
    0x080001ea   0x00000006   Code   RO          416    .ARM.Collect$$_printf_percent$$0000000C  c_w.l(_printf_x.o)
    0x080001f0   0x00000006   Code   RO          426    .ARM.Collect$$_printf_percent$$0000000D  c_w.l(_printf_lli.o)
    0x080001f6   0x00000006   Code   RO          427    .ARM.Collect$$_printf_percent$$0000000E  c_w.l(_printf_lld.o)
    0x080001fc   0x00000006   Code   RO          428    .ARM.Collect$$_printf_percent$$0000000F  c_w.l(_printf_llu.o)
    0x08000202   0x00000006   Code   RO          433    .ARM.Collect$$_printf_percent$$00000010  c_w.l(_printf_llo.o)
    0x08000208   0x00000006   Code   RO          434    .ARM.Collect$$_printf_percent$$00000011  c_w.l(_printf_llx.o)
    0x0800020e   0x0000000a   Code   RO          430    .ARM.Collect$$_printf_percent$$00000012  c_w.l(_printf_l.o)
    0x08000218   0x00000006   Code   RO          414    .ARM.Collect$$_printf_percent$$00000013  c_w.l(_printf_c.o)
    0x0800021e   0x00000006   Code   RO          330    .ARM.Collect$$_printf_percent$$00000014  c_w.l(_printf_s.o)
    0x08000224   0x00000006   Code   RO          431    .ARM.Collect$$_printf_percent$$00000015  c_w.l(_printf_lc.o)
    0x0800022a   0x00000006   Code   RO          432    .ARM.Collect$$_printf_percent$$00000016  c_w.l(_printf_ls.o)
    0x08000230   0x00000004   Code   RO          425    .ARM.Collect$$_printf_percent$$00000017  c_w.l(_printf_percent_end.o)
    0x08000234   0x00000002   Code   RO          517    .ARM.Collect$$libinit$$00000000  c_w.l(libinit.o)
    0x08000236   0x00000000   Code   RO          533    .ARM.Collect$$libinit$$00000002  c_w.l(libinit2.o)
    0x08000236   0x00000000   Code   RO          536    .ARM.Collect$$libinit$$00000008  c_w.l(libinit2.o)
    0x08000236   0x00000000   Code   RO          538    .ARM.Collect$$libinit$$0000000A  c_w.l(libinit2.o)
    0x08000236   0x00000000   Code   RO          540    .ARM.Collect$$libinit$$0000000C  c_w.l(libinit2.o)
    0x08000236   0x00000006   Code   RO          541    .ARM.Collect$$libinit$$0000000D  c_w.l(libinit2.o)
    0x0800023c   0x00000000   Code   RO          543    .ARM.Collect$$libinit$$0000000F  c_w.l(libinit2.o)
    0x0800023c   0x0000000c   Code   RO          544    .ARM.Collect$$libinit$$00000010  c_w.l(libinit2.o)
    0x08000248   0x00000000   Code   RO          545    .ARM.Collect$$libinit$$00000011  c_w.l(libinit2.o)
    0x08000248   0x00000000   Code   RO          547    .ARM.Collect$$libinit$$00000013  c_w.l(libinit2.o)
    0x08000248   0x0000000a   Code   RO          548    .ARM.Collect$$libinit$$00000014  c_w.l(libinit2.o)
    0x08000252   0x00000000   Code   RO          549    .ARM.Collect$$libinit$$00000015  c_w.l(libinit2.o)
    0x08000252   0x00000000   Code   RO          551    .ARM.Collect$$libinit$$00000017  c_w.l(libinit2.o)
    0x08000252   0x00000000   Code   RO          553    .ARM.Collect$$libinit$$00000019  c_w.l(libinit2.o)
    0x08000252   0x00000000   Code   RO          555    .ARM.Collect$$libinit$$0000001B  c_w.l(libinit2.o)
    0x08000252   0x00000000   Code   RO          557    .ARM.Collect$$libinit$$0000001D  c_w.l(libinit2.o)
    0x08000252   0x00000000   Code   RO          559    .ARM.Collect$$libinit$$0000001F  c_w.l(libinit2.o)
    0x08000252   0x00000000   Code   RO          561    .ARM.Collect$$libinit$$00000021  c_w.l(libinit2.o)
    0x08000252   0x00000000   Code   RO          563    .ARM.Collect$$libinit$$00000023  c_w.l(libinit2.o)
    0x08000252   0x00000000   Code   RO          567    .ARM.Collect$$libinit$$0000002A  c_w.l(libinit2.o)
    0x08000252   0x00000000   Code   RO          569    .ARM.Collect$$libinit$$0000002C  c_w.l(libinit2.o)
    0x08000252   0x00000000   Code   RO          571    .ARM.Collect$$libinit$$0000002E  c_w.l(libinit2.o)
    0x08000252   0x00000000   Code   RO          573    .ARM.Collect$$libinit$$00000030  c_w.l(libinit2.o)
    0x08000252   0x00000002   Code   RO          574    .ARM.Collect$$libinit$$00000031  c_w.l(libinit2.o)
    0x08000254   0x00000002   Code   RO          592    .ARM.Collect$$libshutdown$$00000000  c_w.l(libshutdown.o)
    0x08000256   0x00000000   Code   RO          603    .ARM.Collect$$libshutdown$$00000003  c_w.l(libshutdown2.o)
    0x08000256   0x00000000   Code   RO          606    .ARM.Collect$$libshutdown$$00000006  c_w.l(libshutdown2.o)
    0x08000256   0x00000000   Code   RO          609    .ARM.Collect$$libshutdown$$00000009  c_w.l(libshutdown2.o)
    0x08000256   0x00000000   Code   RO          611    .ARM.Collect$$libshutdown$$0000000B  c_w.l(libshutdown2.o)
    0x08000256   0x00000000   Code   RO          614    .ARM.Collect$$libshutdown$$0000000E  c_w.l(libshutdown2.o)
    0x08000256   0x00000002   Code   RO          615    .ARM.Collect$$libshutdown$$0000000F  c_w.l(libshutdown2.o)
    0x08000258   0x00000000   Code   RO          365    .ARM.Collect$$rtentry$$00000000  c_w.l(rtentry.o)
    0x08000258   0x00000000   Code   RO          443    .ARM.Collect$$rtentry$$00000002  c_w.l(rtentry2.o)
    0x08000258   0x00000006   Code   RO          455    .ARM.Collect$$rtentry$$00000004  c_w.l(rtentry4.o)
    0x0800025e   0x00000000   Code   RO          445    .ARM.Collect$$rtentry$$00000009  c_w.l(rtentry2.o)
    0x0800025e   0x00000004   Code   RO          446    .ARM.Collect$$rtentry$$0000000A  c_w.l(rtentry2.o)
    0x08000262   0x00000000   Code   RO          448    .ARM.Collect$$rtentry$$0000000C  c_w.l(rtentry2.o)
    0x08000262   0x00000008   Code   RO          449    .ARM.Collect$$rtentry$$0000000D  c_w.l(rtentry2.o)
    0x0800026a   0x00000002   Code   RO          525    .ARM.Collect$$rtexit$$00000000  c_w.l(rtexit.o)
    0x0800026c   0x00000000   Code   RO          576    .ARM.Collect$$rtexit$$00000002  c_w.l(rtexit2.o)
    0x0800026c   0x00000004   Code   RO          577    .ARM.Collect$$rtexit$$00000003  c_w.l(rtexit2.o)
    0x08000270   0x00000006   Code   RO          578    .ARM.Collect$$rtexit$$00000004  c_w.l(rtexit2.o)
    0x08000276   0x00000002   PAD
    0x08000278   0x0000000c   Code   RO          106    .emb_text           sys.o
    0x08000284   0x00000038   Code   RO            4  * .text               startup_stm32f10x_hd.o
    0x080002bc   0x00000084   Code   RO           12    .text               main.o
    0x08000340   0x000000ac   Code   RO           84    .text               delay.o
    0x080003ec   0x000002bc   Code   RO          107    .text               sys.o
    0x080006a8   0x00000180   Code   RO          130    .text               usart.o
    0x08000828   0x00000034   Code   RO          161    .text               led.o
    0x0800085c   0x0000028c   Code   RO          184    .text               usart2.o
    0x08000ae8   0x00000278   Code   RO          218    .text               common.o
    0x08000d60   0x000003e4   Code   RO          246    .text               wifista.o
    0x08001144   0x0000000a   Code   RO          266    .text               init.o
    0x0800114e   0x00000002   Code   RO          292    .text               c_w.l(use_no_semi_2.o)
    0x08001150   0x00000024   Code   RO          294    .text               c_w.l(c89vsprintf.o)
    0x08001174   0x00000018   Code   RO          296    .text               c_w.l(__2printf.o)
    0x0800118c   0x0000002c   Code   RO          298    .text               c_w.l(__2sprintf.o)
    0x080011b8   0x00000052   Code   RO          306    .text               c_w.l(_printf_str.o)
    0x0800120a   0x00000002   PAD
    0x0800120c   0x00000078   Code   RO          308    .text               c_w.l(_printf_dec.o)
    0x08001284   0x0000018c   Code   RO          327    .text               c_w.l(__printf_flags_ss_wp.o)
    0x08001410   0x00000024   Code   RO          333    .text               c_w.l(strstr.o)
    0x08001434   0x0000003e   Code   RO          335    .text               c_w.l(strlen.o)
    0x08001472   0x00000006   Code   RO          337    .text               c_w.l(heapauxi.o)
    0x08001478   0x00000002   Code   RO          363    .text               c_w.l(use_no_semi.o)
    0x0800147a   0x00000052   Code   RO          366    .text               c_w.l(_printf_pad.o)
    0x080014cc   0x00000024   Code   RO          368    .text               c_w.l(_printf_truncate.o)
    0x080014f0   0x000000b8   Code   RO          370    .text               c_w.l(_printf_intcommon.o)
    0x080015a8   0x0000002a   Code   RO          372    .text               c_w.l(_printf_charcount.o)
    0x080015d2   0x00000002   PAD
    0x080015d4   0x00000030   Code   RO          374    .text               c_w.l(_printf_char_common.o)
    0x08001604   0x0000000a   Code   RO          376    .text               c_w.l(_sputc.o)
    0x0800160e   0x0000002c   Code   RO          378    .text               c_w.l(_printf_char.o)
    0x0800163a   0x00000002   PAD
    0x0800163c   0x00000024   Code   RO          380    .text               c_w.l(_printf_char_file.o)
    0x08001660   0x000000bc   Code   RO          382    .text               c_w.l(_printf_wctomb.o)
    0x0800171c   0x00000078   Code   RO          385    .text               c_w.l(_printf_longlong_dec.o)
    0x08001794   0x00000078   Code   RO          391    .text               c_w.l(_printf_oct_int_ll.o)
    0x0800180c   0x0000009c   Code   RO          411    .text               c_w.l(_printf_hex_int_ll_ptr.o)
    0x080018a8   0x0000008a   Code   RO          457    .text               c_w.l(lludiv10.o)
    0x08001932   0x00000420   Code   RO          459    .text               c_w.l(_printf_fp_dec.o)
    0x08001d52   0x0000002c   Code   RO          463    .text               c_w.l(_printf_wchar.o)
    0x08001d7e   0x00000008   Code   RO          465    .text               c_w.l(ferror.o)
    0x08001d86   0x00000040   Code   RO          469    .text               c_w.l(_wcrtomb.o)
    0x08001dc6   0x0000004a   Code   RO          471    .text               c_w.l(sys_stackheap_outer.o)
    0x08001e10   0x00000010   Code   RO          473    .text               c_w.l(rt_ctype_table.o)
    0x08001e20   0x00000008   Code   RO          478    .text               c_w.l(rt_locale_intlibspace.o)
    0x08001e28   0x00000080   Code   RO          480    .text               c_w.l(_printf_fp_infnan.o)
    0x08001ea8   0x000000e4   Code   RO          482    .text               c_w.l(bigflt0.o)
    0x08001f8c   0x0000000c   Code   RO          510    .text               c_w.l(exit.o)
    0x08001f98   0x00000008   Code   RO          522    .text               c_w.l(libspace.o)
    0x08001fa0   0x00000080   Code   RO          530    .text               c_w.l(strcmpv7m.o)
    0x08002020   0x0000003e   Code   RO          485    CL$$btod_d2e        c_w.l(btod.o)
    0x0800205e   0x00000046   Code   RO          487    CL$$btod_d2e_denorm_low  c_w.l(btod.o)
    0x080020a4   0x00000060   Code   RO          486    CL$$btod_d2e_norm_op1  c_w.l(btod.o)
    0x08002104   0x00000338   Code   RO          495    CL$$btod_div_common  c_w.l(btod.o)
    0x0800243c   0x000000c6   Code   RO          492    CL$$btod_e2e        c_w.l(btod.o)
    0x08002502   0x00000028   Code   RO          489    CL$$btod_ediv       c_w.l(btod.o)
    0x0800252a   0x00000028   Code   RO          488    CL$$btod_emul       c_w.l(btod.o)
    0x08002552   0x00000244   Code   RO          494    CL$$btod_mult_common  c_w.l(btod.o)
    0x08002796   0x00000028   Code   RO          520    i.__ARM_fpclassify  m_ws.l(fpclassify.o)
    0x080027be   0x0000000e   Code   RO          320    i._is_digit         c_w.l(__printf_wp.o)
    0x080027cc   0x0000002c   Code   RO          508    locale$$code        c_w.l(lc_numeric_c.o)
    0x080027f8   0x0000002c   Code   RO          528    locale$$code        c_w.l(lc_ctype_c.o)
    0x08002824   0x000000c4   Code   RO          341    x$fpl$fadd          fz_ws.l(faddsub_clz.o)
    0x080028e8   0x00000184   Code   RO          348    x$fpl$fdiv          fz_ws.l(fdiv.o)
    0x08002a6c   0x0000003e   Code   RO          351    x$fpl$ffixu         fz_ws.l(ffixu.o)
    0x08002aaa   0x00000002   PAD
    0x08002aac   0x00000026   Code   RO          355    x$fpl$ffltu         fz_ws.l(fflt_clz.o)
    0x08002ad2   0x00000002   PAD
    0x08002ad4   0x00000102   Code   RO          361    x$fpl$fmul          fz_ws.l(fmul.o)
    0x08002bd6   0x0000008c   Code   RO          435    x$fpl$fnaninf       fz_ws.l(fnaninf.o)
    0x08002c62   0x0000000a   Code   RO          437    x$fpl$fretinf       fz_ws.l(fretinf.o)
    0x08002c6c   0x00000014   Code   RO          342    x$fpl$frsb          fz_ws.l(faddsub_clz.o)
    0x08002c80   0x000000ea   Code   RO          343    x$fpl$fsub          fz_ws.l(faddsub_clz.o)
    0x08002d6a   0x00000004   Code   RO          439    x$fpl$printf1       fz_ws.l(printf1.o)
    0x08002d6e   0x00000000   Code   RO          441    x$fpl$usenofp       fz_ws.l(usenofp.o)
    0x08002d6e   0x00000011   Data   RO          328    .constdata          c_w.l(__printf_flags_ss_wp.o)
    0x08002d7f   0x00000001   PAD
    0x08002d80   0x00000008   Data   RO          383    .constdata          c_w.l(_printf_wctomb.o)
    0x08002d88   0x00000028   Data   RO          412    .constdata          c_w.l(_printf_hex_int_ll_ptr.o)
    0x08002db0   0x00000094   Data   RO          483    .constdata          c_w.l(bigflt0.o)
    0x08002e44   0x0000002f   Data   RO          219    .conststring        common.o
    0x08002e73   0x00000001   PAD
    0x08002e74   0x00000020   Data   RO          647    Region$$Table       anon$$obj.o
    0x08002e94   0x0000001c   Data   RO          507    locale$$data        c_w.l(lc_numeric_c.o)
    0x08002eb0   0x00000110   Data   RO          527    locale$$data        c_w.l(lc_ctype_c.o)


    Execution Region ER_RW (Base: 0x20000000, Size: 0x00000024, Max: 0xffffffff, ABSOLUTE)

    Base Addr    Size         Type   Attr      Idx    E Section Name        Object

    0x20000000   0x00000004   Data   RW           85    .data               delay.o
    0x20000004   0x00000008   Data   RW          132    .data               usart.o
    0x2000000c   0x00000002   Data   RW          186    .data               usart2.o
    0x2000000e   0x00000002   PAD
    0x20000010   0x00000014   Data   RW          220    .data               common.o


    Execution Region ER_ZI (Base: 0x20000024, Size: 0x00000f2c, Max: 0xffffffff, ABSOLUTE)

    Base Addr    Size         Type   Attr      Idx    E Section Name        Object

    0x20000024   0x000000c8   Zero   RW          131    .bss                usart.o
    0x200000ec   0x00000004   PAD
    0x200000f0   0x00000800   Zero   RW          185    .bss                usart2.o
    0x200008f0   0x00000060   Zero   RW          523    .bss                c_w.l(libspace.o)
    0x20000950   0x00000200   Zero   RW            2    HEAP                startup_stm32f10x_hd.o
    0x20000b50   0x00000400   Zero   RW            1    STACK               startup_stm32f10x_hd.o


==============================================================================

Image component sizes


      Code (inc. data)   RO Data    RW Data    ZI Data      Debug   Object Name

       632        218         47         20          0       2659   common.o
       172         10          0          4          0        899   delay.o
        10          0          0          0          0        408   init.o
        52          8          0          0          0        363   led.o
       132         58          0          0          0     207659   main.o
        56         22        304          0       1536        740   startup_stm32f10x_hd.o
       712         46          0          0          0       2615   sys.o
       384         24          0          8        200       2882   usart.o
       652         60          0          2       2048       3105   usart2.o
       996        570          0          0          0        808   wifista.o

    ----------------------------------------------------------------------
      3798       1016        384         36       3788     222138   Object Totals
         0          0         32          0          0          0   (incl. Generated)
         0          0          1          2          4          0   (incl. Padding)

    ----------------------------------------------------------------------

      Code (inc. data)   RO Data    RW Data    ZI Data      Debug   Library Member Name

        24          4          0          0          0         84   __2printf.o
        44          6          0          0          0         84   __2sprintf.o
         8          0          0          0          0         68   __main.o
       396          6         17          0          0         92   __printf_flags_ss_wp.o
        14          0          0          0          0         68   __printf_wp.o
        52          8          0          0          0          0   __scatter.o
        26          0          0          0          0          0   __scatter_copy.o
        28          0          0          0          0          0   __scatter_zi.o
         6          0          0          0          0          0   _printf_a.o
         6          0          0          0          0          0   _printf_c.o
        44          0          0          0          0        108   _printf_char.o
        48          6          0          0          0         96   _printf_char_common.o
        36          4          0          0          0         80   _printf_char_file.o
        42          0          0          0          0         68   _printf_charcount.o
         6          0          0          0          0          0   _printf_d.o
       120         18          0          0          0         92   _printf_dec.o
         6          0          0          0          0          0   _printf_e.o
         6          0          0          0          0          0   _printf_f.o
      1056          0          0          0          0        212   _printf_fp_dec.o
       128         16          0          0          0         84   _printf_fp_infnan.o
         6          0          0          0          0          0   _printf_g.o
       156          6         40          0          0        160   _printf_hex_int_ll_ptr.o
         6          0          0          0          0          0   _printf_i.o
       184          0          0          0          0         88   _printf_intcommon.o
        10          0          0          0          0          0   _printf_l.o
         6          0          0          0          0          0   _printf_lc.o
        10          0          0          0          0          0   _printf_ll.o
         6          0          0          0          0          0   _printf_lld.o
         6          0          0          0          0          0   _printf_lli.o
         6          0          0          0          0          0   _printf_llo.o
         6          0          0          0          0          0   _printf_llu.o
         6          0          0          0          0          0   _printf_llx.o
       120         16          0          0          0         92   _printf_longlong_dec.o
         6          0          0          0          0          0   _printf_ls.o
         6          0          0          0          0          0   _printf_n.o
         6          0          0          0          0          0   _printf_o.o
       120          8          0          0          0        124   _printf_oct_int_ll.o
         6          0          0          0          0          0   _printf_p.o
        82          0          0          0          0        108   _printf_pad.o
         0          0          0          0          0          0   _printf_percent.o
         4          0          0          0          0          0   _printf_percent_end.o
         6          0          0          0          0          0   _printf_s.o
        82          0          0          0          0         80   _printf_str.o
        36          0          0          0          0         84   _printf_truncate.o
         6          0          0          0          0          0   _printf_u.o
        44          0          0          0          0        108   _printf_wchar.o
       188          6          8          0          0         92   _printf_wctomb.o
         6          0          0          0          0          0   _printf_x.o
        10          0          0          0          0         68   _sputc.o
        64          0          0          0          0         92   _wcrtomb.o
       228          6        148          0          0         96   bigflt0.o
      1910        128          0          0          0        672   btod.o
        36          4          0          0          0         76   c89vsprintf.o
        12          0          0          0          0         72   exit.o
         8          0          0          0          0         68   ferror.o
         6          0          0          0          0        152   heapauxi.o
        44         10        272          0          0         76   lc_ctype_c.o
        44         10         28          0          0         76   lc_numeric_c.o
         2          0          0          0          0          0   libinit.o
        30          0          0          0          0          0   libinit2.o
         2          0          0          0          0          0   libshutdown.o
         2          0          0          0          0          0   libshutdown2.o
         8          4          0          0         96         68   libspace.o
       138          0          0          0          0         80   lludiv10.o
        16          4          0          0          0         76   rt_ctype_table.o
         8          4          0          0          0         68   rt_locale_intlibspace.o
         0          0          0          0          0          0   rtentry.o
        12          0          0          0          0          0   rtentry2.o
         6          0          0          0          0          0   rtentry4.o
         2          0          0          0          0          0   rtexit.o
        10          0          0          0          0          0   rtexit2.o
       128          0          0          0          0         68   strcmpv7m.o
        62          0          0          0          0         76   strlen.o
        36          0          0          0          0         80   strstr.o
        74          0          0          0          0         80   sys_stackheap_outer.o
         2          0          0          0          0         68   use_no_semi.o
         2          0          0          0          0         68   use_no_semi_2.o
       450          8          0          0          0        236   faddsub_clz.o
       388         76          0          0          0         96   fdiv.o
        62          4          0          0          0         84   ffixu.o
        38          0          0          0          0         68   fflt_clz.o
       258          4          0          0          0         84   fmul.o
       140          4          0          0          0         84   fnaninf.o
        10          0          0          0          0         68   fretinf.o
         4          0          0          0          0         68   printf1.o
         0          0          0          0          0          0   usenofp.o
        40          0          0          0          0         68   fpclassify.o

    ----------------------------------------------------------------------
      7528        370        514          0         96       5108   Library Totals
        14          0          1          0          0          0   (incl. Padding)

    ----------------------------------------------------------------------

      Code (inc. data)   RO Data    RW Data    ZI Data      Debug   Library Name

      6124        274        513          0         96       4252   c_w.l
      1350         96          0          0          0        788   fz_ws.l
        40          0          0          0          0         68   m_ws.l

    ----------------------------------------------------------------------
      7528        370        514          0         96       5108   Library Totals

    ----------------------------------------------------------------------

==============================================================================


      Code (inc. data)   RO Data    RW Data    ZI Data      Debug   

     11326       1386        898         36       3884     223554   Grand Totals
     11326       1386        898         36       3884     223554   ELF Image Totals
     11326       1386        898         36          0          0   ROM Totals

==============================================================================

    Total RO  Size (Code + RO Data)                12224 (  11.94kB)
    Total RW  Size (RW Data + ZI Data)              3920 (   3.83kB)
    Total ROM Size (Code + RO Data + RW Data)      12260 (  11.97kB)

==============================================================================

